// Jest Snapshot v1, https://goo.gl/fbAQLP

exports[`ListNestingStyles max > DRAFT_DEFAULT_MAX_DEPTH 1`] = `
<style>
  
.public-DraftStyleDefault-depth5.public-DraftStyleDefault-listLTR { margin-left: 9em; }
.public-DraftStyleDefault-depth5.public-DraftStyleDefault-listRTL { margin-right: 9em; }
.public-DraftStyleDefault-depth5.public-DraftStyleDefault-orderedListItem::before { content: counter(ol5) '. '; counter-increment: ol5; }
.public-DraftStyleDefault-depth5.public-DraftStyleDefault-reset { counter-reset: ol5; }
</style>
`;

exports[`ListNestingStyles works 1`] = `""`;

exports[`generateListNestingStyles works 1`] = `
".TEST0.public-DraftStyleDefault-listLTR {
  margin-left: 1.5em;
}
.TEST0.public-DraftStyleDefault-listRTL {
  margin-right: 1.5em;
}
.TEST0.public-DraftStyleDefault-orderedListItem::before {
  content: counter(ol0) \\". \\";
  counter-increment: ol0;
}
.TEST0.public-DraftStyleDefault-reset {
  counter-reset: ol0;
}
.TEST1.public-DraftStyleDefault-listLTR {
  margin-left: 3em;
}
.TEST1.public-DraftStyleDefault-listRTL {
  margin-right: 3em;
}
.TEST1.public-DraftStyleDefault-orderedListItem::before {
  content: counter(ol1) \\". \\";
  counter-increment: ol1;
}
.TEST1.public-DraftStyleDefault-reset {
  counter-reset: ol1;
}
.TEST2.public-DraftStyleDefault-listLTR {
  margin-left: 4.5em;
}
.TEST2.public-DraftStyleDefault-listRTL {
  margin-right: 4.5em;
}
.TEST2.public-DraftStyleDefault-orderedListItem::before {
  content: counter(ol2) \\". \\";
  counter-increment: ol2;
}
.TEST2.public-DraftStyleDefault-reset {
  counter-reset: ol2;
}
"
`;
