// Vitest Snapshot v1, https://vitest.dev/guide/snapshot.html

exports[`DemoEditor > #extended > can take predefined content 1`] = `
<div
  class="EditorToolbar"
>
  <button>
    B
  </button>
  <button>
    I
  </button>
  <button>
    P
  </button>
  <button>
    UL
  </button>
  <button>
    OL
  </button>
  <button>
    H1
  </button>
  <button>
    H2
  </button>
  <button>
    H3
  </button>
  <button>
    { }
  </button>
  <button>
    🔗
  </button>
  <button>
    📷
  </button>
  <button>
    🌱
  </button>
  <button>
    HR
  </button>
  <button>
    BR
  </button>
  <button>
    📖
  </button>
</div>
`;

exports[`DemoEditor > #extended > works 1`] = `
<div
  class="EditorToolbar"
>
  <button>
    B
  </button>
  <button>
    I
  </button>
  <button>
    \`
  </button>
  <button>
    ~
  </button>
  <button>
    _
  </button>
  <button>
    P
  </button>
  <button>
    UL
  </button>
  <button>
    OL
  </button>
  <button>
    H1
  </button>
  <button>
    H2
  </button>
  <button>
    H3
  </button>
  <button>
    H4
  </button>
  <button>
    H5
  </button>
  <button>
    H6
  </button>
  <button>
    ❝
  </button>
  <button>
    { }
  </button>
  <button>
    🔗
  </button>
  <button>
    📷
  </button>
  <button>
    🌱
  </button>
  <button>
    HR
  </button>
  <button>
    BR
  </button>
  <button>
    📖
  </button>
</div>
`;

exports[`DemoEditor > renders 1`] = `
<div
  class="EditorToolbar"
>
  <button>
    B
  </button>
  <button>
    I
  </button>
  <button>
    P
  </button>
  <button>
    UL
  </button>
  <button>
    OL
  </button>
  <button>
    H1
  </button>
  <button>
    H2
  </button>
  <button>
    H3
  </button>
  <button>
    { }
  </button>
  <button>
    🔗
  </button>
  <button>
    📷
  </button>
  <button>
    🌱
  </button>
  <button>
    HR
  </button>
  <button>
    BR
  </button>
  <button>
    📖
  </button>
</div>
`;
