// Vitest Snapshot v1, https://vitest.dev/guide/snapshot.html

exports[`Highlight > renders 1`] = `
<div
  style="position: relative;"
>
  <button
    style="position: absolute; right: 1rem;"
  >
    Copy
  </button>
  <textarea
    readonly=""
    style="width: 100%; resize: vertical; min-height: 100px;"
  />
</div>
`;
