// Vitest Snapshot v1, https://vitest.dev/guide/snapshot.html

exports[`SentryBoundary > catches errors and renders recovery controls 1`] = `
<DocumentFragment>
  <div
    class="DraftEditor-root"
  >
    <div
      class="DraftEditor-editorContainer"
    >
      <div
        class="public-DraftEditor-content"
      >
        <div
          class="u-text-center"
        >
          <p>
            Oops. The editor just crashed.
          </p>
          <p>
            Our team has been notified. You can provide us with more information if you want to.
          </p>
          <div>
            <a
              href="https://github.com/thibaudcolas/draftjs-conductor/issues"
              rel="noreferrer"
              style="text-decoration: underline;"
              target="_blank"
            >
              Open a GitHub issue
            </a>
            <span>
               
            </span>
            <button
              type="button"
            >
              Reload the page
            </button>
          </div>
        </div>
      </div>
    </div>
  </div>
</DocumentFragment>
`;

exports[`SentryBoundary > renders 1`] = `
<DocumentFragment>
  Test
</DocumentFragment>
`;
